// Vitest Snapshot v1, https://vitest.dev/guide/snapshot.html

exports[`ProjectCard Component > matches snapshot for styling 1`] = `
<div
  class="mt-8 bg-[#EFEFEC] rounded-lg shadow-md p-6 
          w-[75vw] h-[60vh] max-w-[60vh] max-h-[60vh] 
          md:w-[50vh] md:h-[60vh]
          lg:w-[50vh] lg:h-[60vh]
          lg:mt-8
          overflow-auto"
>
  <h2
    class="text-2xl font-semibold mb-4 text-center text-shadow-sm"
  >
    Test Project
  </h2>
  <p
    class="text-gray-700 text-center"
  >
    Test Description
  </p>
</div>
`;
